// Jest Snapshot v1, https://goo.gl/fbAQLP

exports[`Gallery matches snapshot 1`] = `
VueWrapper {
  "_emitted": Object {},
  "_emittedByOrder": Array [],
  "element": <div
    class="backdrop"
  >
    <div
      class="canvas"
    >
      <ul
        class="cards"
      />
    </div>
  </div>,
  "isVueComponent": true,
  "options": Object {
    "attachedToDocument": false,
  },
  "update": [Function],
  "version": 2.5,
  "vm": VueComponent {
    "$_mountingOptionsSlots": undefined,
    "$_originalSlots": Object {},
    "$attrs": Object {},
    "$children": Array [],
    "$createElement": [Function],
    "$el": <div
      class="backdrop"
    >
      <div
        class="canvas"
      >
        <ul
          class="cards"
        />
      </div>
    </div>,
    "$emit": [Function],
    "$listeners": Object {},
    "$options": Object {
      "_Ctor": Object {
        "1": [Function],
      },
      "_base": [Function],
      "_parentElm": null,
      "_propKeys": Array [
        "cards",
      ],
      "_refElm": null,
      "beforeCreate": Array [
        [Function],
      ],
      "components": Object {
        "transition": Object {
          "render": [Function],
        },
        "transition-group": Object {
          "render": [Function],
        },
      },
      "data": [Function],
      "directives": Object {},
      "filters": Object {},
      "name": "Gallery",
      "props": Object {
        "cards": Object {
          "type": [Function],
        },
      },
      "render": [Function],
      "staticRenderFns": Array [],
    },
    "$parent": undefined,
    "$refs": Object {},
    "$root": [Circular],
    "$scopedSlots": Object {},
    "$slots": Object {},
    "$vnode": undefined,
    "__emitted": Object {},
    "__emittedByOrder": Array [],
    "_c": [Function],
    "_data": Object {
      "seen": false,
    },
    "_directInactive": false,
    "_events": Object {},
    "_hasHookEvent": false,
    "_inactive": null,
    "_isBeingDestroyed": false,
    "_isDestroyed": false,
    "_isMounted": true,
    "_isVue": true,
    "_props": Object {
      "cards": undefined,
    },
    "_renderProxy": VueComponent {
      "$_mountingOptionsSlots": undefined,
      "$_originalSlots": Object {},
      "$attrs": Object {},
      "$children": Array [],
      "$createElement": [Function],
      "$el": <div
        class="backdrop"
      >
        <div
          class="canvas"
        >
          <ul
            class="cards"
          />
        </div>
      </div>,
      "$emit": [Function],
      "$listeners": Object {},
      "$options": Object {
        "_Ctor": Object {
          "1": [Function],
        },
        "_base": [Function],
        "_parentElm": null,
        "_propKeys": Array [
          "cards",
        ],
        "_refElm": null,
        "beforeCreate": Array [
          [Function],
        ],
        "components": Object {
          "transition": Object {
            "render": [Function],
          },
          "transition-group": Object {
            "render": [Function],
          },
        },
        "data": [Function],
        "directives": Object {},
        "filters": Object {},
        "name": "Gallery",
        "props": Object {
          "cards": Object {
            "type": [Function],
          },
        },
        "render": [Function],
        "staticRenderFns": Array [],
      },
      "$parent": undefined,
      "$refs": Object {},
      "$root": [Circular],
      "$scopedSlots": Object {},
      "$slots": Object {},
      "$vnode": undefined,
      "__emitted": Object {},
      "__emittedByOrder": Array [],
      "_c": [Function],
      "_data": Object {
        "seen": false,
      },
      "_directInactive": false,
      "_events": Object {},
      "_hasHookEvent": false,
      "_inactive": null,
      "_isBeingDestroyed": false,
      "_isDestroyed": false,
      "_isMounted": true,
      "_isVue": true,
      "_props": Object {
        "cards": undefined,
      },
      "_renderProxy": [Circular],
      "_self": [Circular],
      "_staticTrees": null,
      "_uid": 0,
      "_vnode": VNode {
        "asyncFactory": undefined,
        "asyncMeta": undefined,
        "children": Array [
          VNode {
            "asyncFactory": undefined,
            "asyncMeta": undefined,
            "children": Array [
              VNode {
                "asyncFactory": undefined,
                "asyncMeta": undefined,
                "children": undefined,
                "componentInstance": undefined,
                "componentOptions": undefined,
                "context": [Circular],
                "data": Object {
                  "staticClass": "cards",
                },
                "elm": <ul
                  class="cards"
                />,
                "fnContext": undefined,
                "fnOptions": undefined,
                "fnScopeId": undefined,
                "isAsyncPlaceholder": false,
                "isCloned": false,
                "isComment": false,
                "isOnce": false,
                "isRootInsert": false,
                "isStatic": false,
                "key": undefined,
                "ns": undefined,
                "parent": undefined,
                "raw": false,
                "tag": "ul",
                "text": undefined,
              },
            ],
            "componentInstance": undefined,
            "componentOptions": undefined,
            "context": [Circular],
            "data": Object {
              "staticClass": "canvas",
            },
            "elm": <div
              class="canvas"
            >
              <ul
                class="cards"
              />
            </div>,
            "fnContext": undefined,
            "fnOptions": undefined,
            "fnScopeId": undefined,
            "isAsyncPlaceholder": false,
            "isCloned": false,
            "isComment": false,
            "isOnce": false,
            "isRootInsert": false,
            "isStatic": false,
            "key": undefined,
            "ns": undefined,
            "parent": undefined,
            "raw": false,
            "tag": "div",
            "text": undefined,
          },
        ],
        "componentInstance": undefined,
        "componentOptions": undefined,
        "context": [Circular],
        "data": Object {
          "staticClass": "backdrop",
        },
        "elm": <div
          class="backdrop"
        >
          <div
            class="canvas"
          >
            <ul
              class="cards"
            />
          </div>
        </div>,
        "fnContext": undefined,
        "fnOptions": undefined,
        "fnScopeId": undefined,
        "isAsyncPlaceholder": false,
        "isCloned": false,
        "isComment": false,
        "isOnce": false,
        "isRootInsert": true,
        "isStatic": false,
        "key": undefined,
        "ns": undefined,
        "parent": undefined,
        "raw": false,
        "tag": "div",
        "text": undefined,
      },
      "_watcher": Watcher {
        "active": true,
        "cb": [Function],
        "deep": false,
        "depIds": Set {
          2,
        },
        "deps": Array [
          Dep {
            "id": 2,
            "subs": Array [
              [Circular],
            ],
          },
        ],
        "dirty": false,
        "expression": "function () {
      vm._update(vm._render(), hydrating);
    }",
        "getter": [Function],
        "id": 1,
        "lazy": false,
        "newDepIds": Set {},
        "newDeps": Array [],
        "sync": false,
        "user": false,
        "value": undefined,
        "vm": [Circular],
      },
      "_watchers": Array [
        Watcher {
          "active": true,
          "cb": [Function],
          "deep": false,
          "depIds": Set {
            2,
          },
          "deps": Array [
            Dep {
              "id": 2,
              "subs": Array [
                [Circular],
              ],
            },
          ],
          "dirty": false,
          "expression": "function () {
      vm._update(vm._render(), hydrating);
    }",
          "getter": [Function],
          "id": 1,
          "lazy": false,
          "newDepIds": Set {},
          "newDeps": Array [],
          "sync": false,
          "user": false,
          "value": undefined,
          "vm": [Circular],
        },
      ],
      "seen": false,
    },
    "_self": [Circular],
    "_staticTrees": null,
    "_uid": 0,
    "_vnode": VNode {
      "asyncFactory": undefined,
      "asyncMeta": undefined,
      "children": Array [
        VNode {
          "asyncFactory": undefined,
          "asyncMeta": undefined,
          "children": Array [
            VNode {
              "asyncFactory": undefined,
              "asyncMeta": undefined,
              "children": undefined,
              "componentInstance": undefined,
              "componentOptions": undefined,
              "context": [Circular],
              "data": Object {
                "staticClass": "cards",
              },
              "elm": <ul
                class="cards"
              />,
              "fnContext": undefined,
              "fnOptions": undefined,
              "fnScopeId": undefined,
              "isAsyncPlaceholder": false,
              "isCloned": false,
              "isComment": false,
              "isOnce": false,
              "isRootInsert": false,
              "isStatic": false,
              "key": undefined,
              "ns": undefined,
              "parent": undefined,
              "raw": false,
              "tag": "ul",
              "text": undefined,
            },
          ],
          "componentInstance": undefined,
          "componentOptions": undefined,
          "context": [Circular],
          "data": Object {
            "staticClass": "canvas",
          },
          "elm": <div
            class="canvas"
          >
            <ul
              class="cards"
            />
          </div>,
          "fnContext": undefined,
          "fnOptions": undefined,
          "fnScopeId": undefined,
          "isAsyncPlaceholder": false,
          "isCloned": false,
          "isComment": false,
          "isOnce": false,
          "isRootInsert": false,
          "isStatic": false,
          "key": undefined,
          "ns": undefined,
          "parent": undefined,
          "raw": false,
          "tag": "div",
          "text": undefined,
        },
      ],
      "componentInstance": undefined,
      "componentOptions": undefined,
      "context": [Circular],
      "data": Object {
        "staticClass": "backdrop",
      },
      "elm": <div
        class="backdrop"
      >
        <div
          class="canvas"
        >
          <ul
            class="cards"
          />
        </div>
      </div>,
      "fnContext": undefined,
      "fnOptions": undefined,
      "fnScopeId": undefined,
      "isAsyncPlaceholder": false,
      "isCloned": false,
      "isComment": false,
      "isOnce": false,
      "isRootInsert": true,
      "isStatic": false,
      "key": undefined,
      "ns": undefined,
      "parent": undefined,
      "raw": false,
      "tag": "div",
      "text": undefined,
    },
    "_watcher": Watcher {
      "active": true,
      "cb": [Function],
      "deep": false,
      "depIds": Set {
        2,
      },
      "deps": Array [
        Dep {
          "id": 2,
          "subs": Array [
            [Circular],
          ],
        },
      ],
      "dirty": false,
      "expression": "function () {
      vm._update(vm._render(), hydrating);
    }",
      "getter": [Function],
      "id": 1,
      "lazy": false,
      "newDepIds": Set {},
      "newDeps": Array [],
      "sync": false,
      "user": false,
      "value": undefined,
      "vm": [Circular],
    },
    "_watchers": Array [
      Watcher {
        "active": true,
        "cb": [Function],
        "deep": false,
        "depIds": Set {
          2,
        },
        "deps": Array [
          Dep {
            "id": 2,
            "subs": Array [
              [Circular],
            ],
          },
        ],
        "dirty": false,
        "expression": "function () {
      vm._update(vm._render(), hydrating);
    }",
        "getter": [Function],
        "id": 1,
        "lazy": false,
        "newDepIds": Set {},
        "newDeps": Array [],
        "sync": false,
        "user": false,
        "value": undefined,
        "vm": [Circular],
      },
    ],
    "seen": false,
  },
  "vnode": VNode {
    "asyncFactory": undefined,
    "asyncMeta": undefined,
    "children": Array [
      VNode {
        "asyncFactory": undefined,
        "asyncMeta": undefined,
        "children": Array [
          VNode {
            "asyncFactory": undefined,
            "asyncMeta": undefined,
            "children": undefined,
            "componentInstance": undefined,
            "componentOptions": undefined,
            "context": VueComponent {
              "$_mountingOptionsSlots": undefined,
              "$_originalSlots": Object {},
              "$attrs": Object {},
              "$children": Array [],
              "$createElement": [Function],
              "$el": <div
                class="backdrop"
              >
                <div
                  class="canvas"
                >
                  <ul
                    class="cards"
                  />
                </div>
              </div>,
              "$emit": [Function],
              "$listeners": Object {},
              "$options": Object {
                "_Ctor": Object {
                  "1": [Function],
                },
                "_base": [Function],
                "_parentElm": null,
                "_propKeys": Array [
                  "cards",
                ],
                "_refElm": null,
                "beforeCreate": Array [
                  [Function],
                ],
                "components": Object {
                  "transition": Object {
                    "render": [Function],
                  },
                  "transition-group": Object {
                    "render": [Function],
                  },
                },
                "data": [Function],
                "directives": Object {},
                "filters": Object {},
                "name": "Gallery",
                "props": Object {
                  "cards": Object {
                    "type": [Function],
                  },
                },
                "render": [Function],
                "staticRenderFns": Array [],
              },
              "$parent": undefined,
              "$refs": Object {},
              "$root": [Circular],
              "$scopedSlots": Object {},
              "$slots": Object {},
              "$vnode": undefined,
              "__emitted": Object {},
              "__emittedByOrder": Array [],
              "_c": [Function],
              "_data": Object {
                "seen": false,
              },
              "_directInactive": false,
              "_events": Object {},
              "_hasHookEvent": false,
              "_inactive": null,
              "_isBeingDestroyed": false,
              "_isDestroyed": false,
              "_isMounted": true,
              "_isVue": true,
              "_props": Object {
                "cards": undefined,
              },
              "_renderProxy": VueComponent {
                "$_mountingOptionsSlots": undefined,
                "$_originalSlots": Object {},
                "$attrs": Object {},
                "$children": Array [],
                "$createElement": [Function],
                "$el": <div
                  class="backdrop"
                >
                  <div
                    class="canvas"
                  >
                    <ul
                      class="cards"
                    />
                  </div>
                </div>,
                "$emit": [Function],
                "$listeners": Object {},
                "$options": Object {
                  "_Ctor": Object {
                    "1": [Function],
                  },
                  "_base": [Function],
                  "_parentElm": null,
                  "_propKeys": Array [
                    "cards",
                  ],
                  "_refElm": null,
                  "beforeCreate": Array [
                    [Function],
                  ],
                  "components": Object {
                    "transition": Object {
                      "render": [Function],
                    },
                    "transition-group": Object {
                      "render": [Function],
                    },
                  },
                  "data": [Function],
                  "directives": Object {},
                  "filters": Object {},
                  "name": "Gallery",
                  "props": Object {
                    "cards": Object {
                      "type": [Function],
                    },
                  },
                  "render": [Function],
                  "staticRenderFns": Array [],
                },
                "$parent": undefined,
                "$refs": Object {},
                "$root": [Circular],
                "$scopedSlots": Object {},
                "$slots": Object {},
                "$vnode": undefined,
                "__emitted": Object {},
                "__emittedByOrder": Array [],
                "_c": [Function],
                "_data": Object {
                  "seen": false,
                },
                "_directInactive": false,
                "_events": Object {},
                "_hasHookEvent": false,
                "_inactive": null,
                "_isBeingDestroyed": false,
                "_isDestroyed": false,
                "_isMounted": true,
                "_isVue": true,
                "_props": Object {
                  "cards": undefined,
                },
                "_renderProxy": [Circular],
                "_self": [Circular],
                "_staticTrees": null,
                "_uid": 0,
                "_vnode": [Circular],
                "_watcher": Watcher {
                  "active": true,
                  "cb": [Function],
                  "deep": false,
                  "depIds": Set {
                    2,
                  },
                  "deps": Array [
                    Dep {
                      "id": 2,
                      "subs": Array [
                        [Circular],
                      ],
                    },
                  ],
                  "dirty": false,
                  "expression": "function () {
      vm._update(vm._render(), hydrating);
    }",
                  "getter": [Function],
                  "id": 1,
                  "lazy": false,
                  "newDepIds": Set {},
                  "newDeps": Array [],
                  "sync": false,
                  "user": false,
                  "value": undefined,
                  "vm": [Circular],
                },
                "_watchers": Array [
                  Watcher {
                    "active": true,
                    "cb": [Function],
                    "deep": false,
                    "depIds": Set {
                      2,
                    },
                    "deps": Array [
                      Dep {
                        "id": 2,
                        "subs": Array [
                          [Circular],
                        ],
                      },
                    ],
                    "dirty": false,
                    "expression": "function () {
      vm._update(vm._render(), hydrating);
    }",
                    "getter": [Function],
                    "id": 1,
                    "lazy": false,
                    "newDepIds": Set {},
                    "newDeps": Array [],
                    "sync": false,
                    "user": false,
                    "value": undefined,
                    "vm": [Circular],
                  },
                ],
                "seen": false,
              },
              "_self": [Circular],
              "_staticTrees": null,
              "_uid": 0,
              "_vnode": [Circular],
              "_watcher": Watcher {
                "active": true,
                "cb": [Function],
                "deep": false,
                "depIds": Set {
                  2,
                },
                "deps": Array [
                  Dep {
                    "id": 2,
                    "subs": Array [
                      [Circular],
                    ],
                  },
                ],
                "dirty": false,
                "expression": "function () {
      vm._update(vm._render(), hydrating);
    }",
                "getter": [Function],
                "id": 1,
                "lazy": false,
                "newDepIds": Set {},
                "newDeps": Array [],
                "sync": false,
                "user": false,
                "value": undefined,
                "vm": [Circular],
              },
              "_watchers": Array [
                Watcher {
                  "active": true,
                  "cb": [Function],
                  "deep": false,
                  "depIds": Set {
                    2,
                  },
                  "deps": Array [
                    Dep {
                      "id": 2,
                      "subs": Array [
                        [Circular],
                      ],
                    },
                  ],
                  "dirty": false,
                  "expression": "function () {
      vm._update(vm._render(), hydrating);
    }",
                  "getter": [Function],
                  "id": 1,
                  "lazy": false,
                  "newDepIds": Set {},
                  "newDeps": Array [],
                  "sync": false,
                  "user": false,
                  "value": undefined,
                  "vm": [Circular],
                },
              ],
              "seen": false,
            },
            "data": Object {
              "staticClass": "cards",
            },
            "elm": <ul
              class="cards"
            />,
            "fnContext": undefined,
            "fnOptions": undefined,
            "fnScopeId": undefined,
            "isAsyncPlaceholder": false,
            "isCloned": false,
            "isComment": false,
            "isOnce": false,
            "isRootInsert": false,
            "isStatic": false,
            "key": undefined,
            "ns": undefined,
            "parent": undefined,
            "raw": false,
            "tag": "ul",
            "text": undefined,
          },
        ],
        "componentInstance": undefined,
        "componentOptions": undefined,
        "context": VueComponent {
          "$_mountingOptionsSlots": undefined,
          "$_originalSlots": Object {},
          "$attrs": Object {},
          "$children": Array [],
          "$createElement": [Function],
          "$el": <div
            class="backdrop"
          >
            <div
              class="canvas"
            >
              <ul
                class="cards"
              />
            </div>
          </div>,
          "$emit": [Function],
          "$listeners": Object {},
          "$options": Object {
            "_Ctor": Object {
              "1": [Function],
            },
            "_base": [Function],
            "_parentElm": null,
            "_propKeys": Array [
              "cards",
            ],
            "_refElm": null,
            "beforeCreate": Array [
              [Function],
            ],
            "components": Object {
              "transition": Object {
                "render": [Function],
              },
              "transition-group": Object {
                "render": [Function],
              },
            },
            "data": [Function],
            "directives": Object {},
            "filters": Object {},
            "name": "Gallery",
            "props": Object {
              "cards": Object {
                "type": [Function],
              },
            },
            "render": [Function],
            "staticRenderFns": Array [],
          },
          "$parent": undefined,
          "$refs": Object {},
          "$root": [Circular],
          "$scopedSlots": Object {},
          "$slots": Object {},
          "$vnode": undefined,
          "__emitted": Object {},
          "__emittedByOrder": Array [],
          "_c": [Function],
          "_data": Object {
            "seen": false,
          },
          "_directInactive": false,
          "_events": Object {},
          "_hasHookEvent": false,
          "_inactive": null,
          "_isBeingDestroyed": false,
          "_isDestroyed": false,
          "_isMounted": true,
          "_isVue": true,
          "_props": Object {
            "cards": undefined,
          },
          "_renderProxy": VueComponent {
            "$_mountingOptionsSlots": undefined,
            "$_originalSlots": Object {},
            "$attrs": Object {},
            "$children": Array [],
            "$createElement": [Function],
            "$el": <div
              class="backdrop"
            >
              <div
                class="canvas"
              >
                <ul
                  class="cards"
                />
              </div>
            </div>,
            "$emit": [Function],
            "$listeners": Object {},
            "$options": Object {
              "_Ctor": Object {
                "1": [Function],
              },
              "_base": [Function],
              "_parentElm": null,
              "_propKeys": Array [
                "cards",
              ],
              "_refElm": null,
              "beforeCreate": Array [
                [Function],
              ],
              "components": Object {
                "transition": Object {
                  "render": [Function],
                },
                "transition-group": Object {
                  "render": [Function],
                },
              },
              "data": [Function],
              "directives": Object {},
              "filters": Object {},
              "name": "Gallery",
              "props": Object {
                "cards": Object {
                  "type": [Function],
                },
              },
              "render": [Function],
              "staticRenderFns": Array [],
            },
            "$parent": undefined,
            "$refs": Object {},
            "$root": [Circular],
            "$scopedSlots": Object {},
            "$slots": Object {},
            "$vnode": undefined,
            "__emitted": Object {},
            "__emittedByOrder": Array [],
            "_c": [Function],
            "_data": Object {
              "seen": false,
            },
            "_directInactive": false,
            "_events": Object {},
            "_hasHookEvent": false,
            "_inactive": null,
            "_isBeingDestroyed": false,
            "_isDestroyed": false,
            "_isMounted": true,
            "_isVue": true,
            "_props": Object {
              "cards": undefined,
            },
            "_renderProxy": [Circular],
            "_self": [Circular],
            "_staticTrees": null,
            "_uid": 0,
            "_vnode": [Circular],
            "_watcher": Watcher {
              "active": true,
              "cb": [Function],
              "deep": false,
              "depIds": Set {
                2,
              },
              "deps": Array [
                Dep {
                  "id": 2,
                  "subs": Array [
                    [Circular],
                  ],
                },
              ],
              "dirty": false,
              "expression": "function () {
      vm._update(vm._render(), hydrating);
    }",
              "getter": [Function],
              "id": 1,
              "lazy": false,
              "newDepIds": Set {},
              "newDeps": Array [],
              "sync": false,
              "user": false,
              "value": undefined,
              "vm": [Circular],
            },
            "_watchers": Array [
              Watcher {
                "active": true,
                "cb": [Function],
                "deep": false,
                "depIds": Set {
                  2,
                },
                "deps": Array [
                  Dep {
                    "id": 2,
                    "subs": Array [
                      [Circular],
                    ],
                  },
                ],
                "dirty": false,
                "expression": "function () {
      vm._update(vm._render(), hydrating);
    }",
                "getter": [Function],
                "id": 1,
                "lazy": false,
                "newDepIds": Set {},
                "newDeps": Array [],
                "sync": false,
                "user": false,
                "value": undefined,
                "vm": [Circular],
              },
            ],
            "seen": false,
          },
          "_self": [Circular],
          "_staticTrees": null,
          "_uid": 0,
          "_vnode": [Circular],
          "_watcher": Watcher {
            "active": true,
            "cb": [Function],
            "deep": false,
            "depIds": Set {
              2,
            },
            "deps": Array [
              Dep {
                "id": 2,
                "subs": Array [
                  [Circular],
                ],
              },
            ],
            "dirty": false,
            "expression": "function () {
      vm._update(vm._render(), hydrating);
    }",
            "getter": [Function],
            "id": 1,
            "lazy": false,
            "newDepIds": Set {},
            "newDeps": Array [],
            "sync": false,
            "user": false,
            "value": undefined,
            "vm": [Circular],
          },
          "_watchers": Array [
            Watcher {
              "active": true,
              "cb": [Function],
              "deep": false,
              "depIds": Set {
                2,
              },
              "deps": Array [
                Dep {
                  "id": 2,
                  "subs": Array [
                    [Circular],
                  ],
                },
              ],
              "dirty": false,
              "expression": "function () {
      vm._update(vm._render(), hydrating);
    }",
              "getter": [Function],
              "id": 1,
              "lazy": false,
              "newDepIds": Set {},
              "newDeps": Array [],
              "sync": false,
              "user": false,
              "value": undefined,
              "vm": [Circular],
            },
          ],
          "seen": false,
        },
        "data": Object {
          "staticClass": "canvas",
        },
        "elm": <div
          class="canvas"
        >
          <ul
            class="cards"
          />
        </div>,
        "fnContext": undefined,
        "fnOptions": undefined,
        "fnScopeId": undefined,
        "isAsyncPlaceholder": false,
        "isCloned": false,
        "isComment": false,
        "isOnce": false,
        "isRootInsert": false,
        "isStatic": false,
        "key": undefined,
        "ns": undefined,
        "parent": undefined,
        "raw": false,
        "tag": "div",
        "text": undefined,
      },
    ],
    "componentInstance": undefined,
    "componentOptions": undefined,
    "context": VueComponent {
      "$_mountingOptionsSlots": undefined,
      "$_originalSlots": Object {},
      "$attrs": Object {},
      "$children": Array [],
      "$createElement": [Function],
      "$el": <div
        class="backdrop"
      >
        <div
          class="canvas"
        >
          <ul
            class="cards"
          />
        </div>
      </div>,
      "$emit": [Function],
      "$listeners": Object {},
      "$options": Object {
        "_Ctor": Object {
          "1": [Function],
        },
        "_base": [Function],
        "_parentElm": null,
        "_propKeys": Array [
          "cards",
        ],
        "_refElm": null,
        "beforeCreate": Array [
          [Function],
        ],
        "components": Object {
          "transition": Object {
            "render": [Function],
          },
          "transition-group": Object {
            "render": [Function],
          },
        },
        "data": [Function],
        "directives": Object {},
        "filters": Object {},
        "name": "Gallery",
        "props": Object {
          "cards": Object {
            "type": [Function],
          },
        },
        "render": [Function],
        "staticRenderFns": Array [],
      },
      "$parent": undefined,
      "$refs": Object {},
      "$root": [Circular],
      "$scopedSlots": Object {},
      "$slots": Object {},
      "$vnode": undefined,
      "__emitted": Object {},
      "__emittedByOrder": Array [],
      "_c": [Function],
      "_data": Object {
        "seen": false,
      },
      "_directInactive": false,
      "_events": Object {},
      "_hasHookEvent": false,
      "_inactive": null,
      "_isBeingDestroyed": false,
      "_isDestroyed": false,
      "_isMounted": true,
      "_isVue": true,
      "_props": Object {
        "cards": undefined,
      },
      "_renderProxy": VueComponent {
        "$_mountingOptionsSlots": undefined,
        "$_originalSlots": Object {},
        "$attrs": Object {},
        "$children": Array [],
        "$createElement": [Function],
        "$el": <div
          class="backdrop"
        >
          <div
            class="canvas"
          >
            <ul
              class="cards"
            />
          </div>
        </div>,
        "$emit": [Function],
        "$listeners": Object {},
        "$options": Object {
          "_Ctor": Object {
            "1": [Function],
          },
          "_base": [Function],
          "_parentElm": null,
          "_propKeys": Array [
            "cards",
          ],
          "_refElm": null,
          "beforeCreate": Array [
            [Function],
          ],
          "components": Object {
            "transition": Object {
              "render": [Function],
            },
            "transition-group": Object {
              "render": [Function],
            },
          },
          "data": [Function],
          "directives": Object {},
          "filters": Object {},
          "name": "Gallery",
          "props": Object {
            "cards": Object {
              "type": [Function],
            },
          },
          "render": [Function],
          "staticRenderFns": Array [],
        },
        "$parent": undefined,
        "$refs": Object {},
        "$root": [Circular],
        "$scopedSlots": Object {},
        "$slots": Object {},
        "$vnode": undefined,
        "__emitted": Object {},
        "__emittedByOrder": Array [],
        "_c": [Function],
        "_data": Object {
          "seen": false,
        },
        "_directInactive": false,
        "_events": Object {},
        "_hasHookEvent": false,
        "_inactive": null,
        "_isBeingDestroyed": false,
        "_isDestroyed": false,
        "_isMounted": true,
        "_isVue": true,
        "_props": Object {
          "cards": undefined,
        },
        "_renderProxy": [Circular],
        "_self": [Circular],
        "_staticTrees": null,
        "_uid": 0,
        "_vnode": [Circular],
        "_watcher": Watcher {
          "active": true,
          "cb": [Function],
          "deep": false,
          "depIds": Set {
            2,
          },
          "deps": Array [
            Dep {
              "id": 2,
              "subs": Array [
                [Circular],
              ],
            },
          ],
          "dirty": false,
          "expression": "function () {
      vm._update(vm._render(), hydrating);
    }",
          "getter": [Function],
          "id": 1,
          "lazy": false,
          "newDepIds": Set {},
          "newDeps": Array [],
          "sync": false,
          "user": false,
          "value": undefined,
          "vm": [Circular],
        },
        "_watchers": Array [
          Watcher {
            "active": true,
            "cb": [Function],
            "deep": false,
            "depIds": Set {
              2,
            },
            "deps": Array [
              Dep {
                "id": 2,
                "subs": Array [
                  [Circular],
                ],
              },
            ],
            "dirty": false,
            "expression": "function () {
      vm._update(vm._render(), hydrating);
    }",
            "getter": [Function],
            "id": 1,
            "lazy": false,
            "newDepIds": Set {},
            "newDeps": Array [],
            "sync": false,
            "user": false,
            "value": undefined,
            "vm": [Circular],
          },
        ],
        "seen": false,
      },
      "_self": [Circular],
      "_staticTrees": null,
      "_uid": 0,
      "_vnode": [Circular],
      "_watcher": Watcher {
        "active": true,
        "cb": [Function],
        "deep": false,
        "depIds": Set {
          2,
        },
        "deps": Array [
          Dep {
            "id": 2,
            "subs": Array [
              [Circular],
            ],
          },
        ],
        "dirty": false,
        "expression": "function () {
      vm._update(vm._render(), hydrating);
    }",
        "getter": [Function],
        "id": 1,
        "lazy": false,
        "newDepIds": Set {},
        "newDeps": Array [],
        "sync": false,
        "user": false,
        "value": undefined,
        "vm": [Circular],
      },
      "_watchers": Array [
        Watcher {
          "active": true,
          "cb": [Function],
          "deep": false,
          "depIds": Set {
            2,
          },
          "deps": Array [
            Dep {
              "id": 2,
              "subs": Array [
                [Circular],
              ],
            },
          ],
          "dirty": false,
          "expression": "function () {
      vm._update(vm._render(), hydrating);
    }",
          "getter": [Function],
          "id": 1,
          "lazy": false,
          "newDepIds": Set {},
          "newDeps": Array [],
          "sync": false,
          "user": false,
          "value": undefined,
          "vm": [Circular],
        },
      ],
      "seen": false,
    },
    "data": Object {
      "staticClass": "backdrop",
    },
    "elm": <div
      class="backdrop"
    >
      <div
        class="canvas"
      >
        <ul
          class="cards"
        />
      </div>
    </div>,
    "fnContext": undefined,
    "fnOptions": undefined,
    "fnScopeId": undefined,
    "isAsyncPlaceholder": false,
    "isCloned": false,
    "isComment": false,
    "isOnce": false,
    "isRootInsert": true,
    "isStatic": false,
    "key": undefined,
    "ns": undefined,
    "parent": undefined,
    "raw": false,
    "tag": "div",
    "text": undefined,
  },
}
`;
